  Geri y├╝klenecek projeler belirleniyor...
  Geri y├╝kleme i├ğin t├╝m projeler g├╝ncel.
D:\GitHub\AkademiQPortfolio\Controllers\DefaultController.cs(31,1): error CS1022: T├╝r veya ad uzay─▒ tan─▒m─▒ ya da dosya sonu bekleniyor [D:\GitHub\AkademiQPortfolio\AkademiQPortfolio.csproj]
D:\GitHub\AkademiQPortfolio\Data\AppDbContext.cs(39,10): warning CS1030: #warning: 'To protect potentially sensitive information in your connection string, you should move it out of source code. You can avoid scaffolding the connection string by using the Name= syntax to read it from configuration - see https://go.microsoft.com/fwlink/?linkid=2131148. For more guidance on storing connection strings, see https://go.microsoft.com/fwlink/?LinkId=723263.' [D:\GitHub\AkademiQPortfolio\AkademiQPortfolio.csproj]

Olu┼şturma BA┼ŞARISIZ OLDU.

D:\GitHub\AkademiQPortfolio\Data\AppDbContext.cs(39,10): warning CS1030: #warning: 'To protect potentially sensitive information in your connection string, you should move it out of source code. You can avoid scaffolding the connection string by using the Name= syntax to read it from configuration - see https://go.microsoft.com/fwlink/?linkid=2131148. For more guidance on storing connection strings, see https://go.microsoft.com/fwlink/?LinkId=723263.' [D:\GitHub\AkademiQPortfolio\AkademiQPortfolio.csproj]
D:\GitHub\AkademiQPortfolio\Controllers\DefaultController.cs(31,1): error CS1022: T├╝r veya ad uzay─▒ tan─▒m─▒ ya da dosya sonu bekleniyor [D:\GitHub\AkademiQPortfolio\AkademiQPortfolio.csproj]
    1 Uyar─▒
    1 Hata

Ge├ğen S├╝re 00:00:01.29
